#-----------------------------------------------------------
# Vivado v2025.1 (64-bit)
# SW Build 6140274 on Thu May 22 00:12:29 MDT 2025
# IP Build 6138677 on Thu May 22 03:10:11 MDT 2025
# SharedData Build 6139179 on Tue May 20 17:58:58 MDT 2025
# Start of session at: Thu Jan  8 20:02:03 2026
# Process ID         : 27260
# Current directory  : C:/Users/Dousik Manokaran/Downloads/Centient/Kalman Filter and Fault Detection - KFFD/Kalman Filter and Fault Detection - KFFD.runs/synth_1
# Command line       : vivado.exe -log iir_filter.vds -product Vivado -mode batch -messageDb vivado.pb -notrace -source iir_filter.tcl
# Log file           : C:/Users/Dousik Manokaran/Downloads/Centient/Kalman Filter and Fault Detection - KFFD/Kalman Filter and Fault Detection - KFFD.runs/synth_1/iir_filter.vds
# Journal file       : C:/Users/Dousik Manokaran/Downloads/Centient/Kalman Filter and Fault Detection - KFFD/Kalman Filter and Fault Detection - KFFD.runs/synth_1\vivado.jou
# Running On         : DOUSIK
# Platform           : Windows Server 2016 or Windows 10
# Operating System   : 26200
# Processor Detail   : 12th Gen Intel(R) Core(TM) i7-1250U
# CPU Frequency      : 1882 MHz
# CPU Physical cores : 10
# CPU Logical cores  : 12
# Host memory        : 16858 MB
# Swap memory        : 3087 MB
# Total Virtual      : 19945 MB
# Available Virtual  : 1764 MB
#-----------------------------------------------------------
source iir_filter.tcl -notrace
